// Jest Snapshot v1, https://goo.gl/fbAQLP

exports[`LabwareList component renders 1`] = `
<ul
  className="list"
>
  <LabwareCard
    definition={
      Object {
        "brand": Object {
          "brand": "generic",
        },
        "cornerOffsetFromSlot": Object {
          "x": 0,
          "y": 0,
          "z": 0,
        },
        "deprecated": false,
        "dimensions": Object {
          "xDimension": 127.76,
          "yDimension": 85.48,
          "zDimension": 64.48,
        },
        "metadata": Object {
          "displayCategory": "tubeRack",
          "displayName": "Fake Irregular Container",
          "displayVolumeUnits": "mL",
          "tags": Array [
            "fake",
            "opentrons",
          ],
        },
        "ordering": Array [
          Array [
            "A1",
            "B1",
            "C1",
            "E1",
            "G1",
            "I1",
          ],
          Array [
            "A2",
            "B2",
            "C2",
            "E2",
            "G2",
            "I2",
          ],
          Array [
            "A3",
            "B3",
            "C3",
            "E3",
            "G3",
            "I3",
          ],
          Array [
            "A4",
            "B4",
            "C4",
            "E4",
            "G4",
            "I4",
          ],
          Array [
            "A5",
            "B5",
            "C5",
            "E5",
            "G5",
            "I5",
          ],
          Array [
            "A6",
            "C6",
            "E6",
            "G6",
            "I6",
          ],
          Array [
            "A7",
            "C7",
            "E7",
            "G7",
            "I7",
          ],
          Array [
            "A8",
            "C8",
            "E8",
            "G8",
            "I8",
          ],
          Array [
            "A9",
            "C9",
            "E9",
            "G9",
            "I9",
          ],
          Array [
            "A10",
            "C10",
            "E10",
            "G10",
            "I10",
          ],
        ],
        "otId": "mock-id",
        "parameters": Object {
          "format": "irregular",
          "isMagneticModuleCompatible": false,
          "isTiprack": false,
          "loadName": "generic_50x3_ml_5x10_ml_tuberack",
        },
        "wells": Object {
          "A1": Object {
            "depth": 10.54,
            "diameter": 10,
            "shape": "circular",
            "totalLiquidVolume": 3000,
            "x": 10,
            "y": 30,
            "z": 58.94,
          },
          "A10": Object {
            "depth": 10.54,
            "diameter": 10,
            "shape": "circular",
            "totalLiquidVolume": 3000,
            "x": 100,
            "y": 30,
            "z": 58.94,
          },
          "A2": Object {
            "depth": 10.54,
            "diameter": 10,
            "shape": "circular",
            "totalLiquidVolume": 3000,
            "x": 20,
            "y": 30,
            "z": 58.94,
          },
          "A3": Object {
            "depth": 10.54,
            "diameter": 10,
            "shape": "circular",
            "totalLiquidVolume": 3000,
            "x": 30,
            "y": 30,
            "z": 58.94,
          },
          "A4": Object {
            "depth": 10.54,
            "diameter": 10,
            "shape": "circular",
            "totalLiquidVolume": 3000,
            "x": 40,
            "y": 30,
            "z": 58.94,
          },
          "A5": Object {
            "depth": 10.54,
            "diameter": 10,
            "shape": "circular",
            "totalLiquidVolume": 3000,
            "x": 50,
            "y": 30,
            "z": 58.94,
          },
          "A6": Object {
            "depth": 10.54,
            "diameter": 10,
            "shape": "circular",
            "totalLiquidVolume": 3000,
            "x": 60,
            "y": 30,
            "z": 58.94,
          },
          "A7": Object {
            "depth": 10.54,
            "diameter": 10,
            "shape": "circular",
            "totalLiquidVolume": 3000,
            "x": 70,
            "y": 30,
            "z": 58.94,
          },
          "A8": Object {
            "depth": 10.54,
            "diameter": 10,
            "shape": "circular",
            "totalLiquidVolume": 3000,
            "x": 80,
            "y": 30,
            "z": 58.94,
          },
          "A9": Object {
            "depth": 10.54,
            "diameter": 10,
            "shape": "circular",
            "totalLiquidVolume": 3000,
            "x": 90,
            "y": 30,
            "z": 58.94,
          },
          "B1": Object {
            "depth": 20.54,
            "diameter": 15,
            "shape": "circular",
            "totalLiquidVolume": 10000,
            "x": 15,
            "y": 15,
            "z": 48.94,
          },
          "B2": Object {
            "depth": 20.54,
            "diameter": 15,
            "shape": "circular",
            "totalLiquidVolume": 10000,
            "x": 25,
            "y": 15,
            "z": 48.94,
          },
          "B3": Object {
            "depth": 20.54,
            "diameter": 15,
            "shape": "circular",
            "totalLiquidVolume": 10000,
            "x": 35,
            "y": 15,
            "z": 48.94,
          },
          "B4": Object {
            "depth": 20.54,
            "diameter": 15,
            "shape": "circular",
            "totalLiquidVolume": 10000,
            "x": 45,
            "y": 15,
            "z": 48.94,
          },
          "B5": Object {
            "depth": 20.54,
            "diameter": 15,
            "shape": "circular",
            "totalLiquidVolume": 10000,
            "x": 55,
            "y": 15,
            "z": 48.94,
          },
          "C1": Object {
            "depth": 10.54,
            "diameter": 10,
            "shape": "circular",
            "totalLiquidVolume": 3000,
            "x": 10,
            "y": 25,
            "z": 58.94,
          },
          "C10": Object {
            "depth": 10.54,
            "diameter": 10,
            "shape": "circular",
            "totalLiquidVolume": 3000,
            "x": 100,
            "y": 25,
            "z": 58.94,
          },
          "C2": Object {
            "depth": 10.54,
            "diameter": 10,
            "shape": "circular",
            "totalLiquidVolume": 3000,
            "x": 20,
            "y": 25,
            "z": 58.94,
          },
          "C3": Object {
            "depth": 10.54,
            "diameter": 10,
            "shape": "circular",
            "totalLiquidVolume": 3000,
            "x": 30,
            "y": 25,
            "z": 58.94,
          },
          "C4": Object {
            "depth": 10.54,
            "diameter": 10,
            "shape": "circular",
            "totalLiquidVolume": 3000,
            "x": 40,
            "y": 25,
            "z": 58.94,
          },
          "C5": Object {
            "depth": 10.54,
            "diameter": 10,
            "shape": "circular",
            "totalLiquidVolume": 3000,
            "x": 50,
            "y": 25,
            "z": 58.94,
          },
          "C6": Object {
            "depth": 10.54,
            "diameter": 10,
            "shape": "circular",
            "totalLiquidVolume": 3000,
            "x": 60,
            "y": 25,
            "z": 58.94,
          },
          "C7": Object {
            "depth": 10.54,
            "diameter": 10,
            "shape": "circular",
            "totalLiquidVolume": 3000,
            "x": 70,
            "y": 25,
            "z": 58.94,
          },
          "C8": Object {
            "depth": 10.54,
            "diameter": 10,
            "shape": "circular",
            "totalLiquidVolume": 3000,
            "x": 80,
            "y": 25,
            "z": 58.94,
          },
          "C9": Object {
            "depth": 10.54,
            "diameter": 10,
            "shape": "circular",
            "totalLiquidVolume": 3000,
            "x": 90,
            "y": 25,
            "z": 58.94,
          },
          "E1": Object {
            "depth": 10.54,
            "diameter": 10,
            "shape": "circular",
            "totalLiquidVolume": 3000,
            "x": 10,
            "y": 20,
            "z": 58.94,
          },
          "E10": Object {
            "depth": 10.54,
            "diameter": 10,
            "shape": "circular",
            "totalLiquidVolume": 3000,
            "x": 100,
            "y": 20,
            "z": 58.94,
          },
          "E2": Object {
            "depth": 10.54,
            "diameter": 10,
            "shape": "circular",
            "totalLiquidVolume": 3000,
            "x": 20,
            "y": 20,
            "z": 58.94,
          },
          "E3": Object {
            "depth": 10.54,
            "diameter": 10,
            "shape": "circular",
            "totalLiquidVolume": 3000,
            "x": 30,
            "y": 20,
            "z": 58.94,
          },
          "E4": Object {
            "depth": 10.54,
            "diameter": 10,
            "shape": "circular",
            "totalLiquidVolume": 3000,
            "x": 40,
            "y": 20,
            "z": 58.94,
          },
          "E5": Object {
            "depth": 10.54,
            "diameter": 10,
            "shape": "circular",
            "totalLiquidVolume": 3000,
            "x": 50,
            "y": 20,
            "z": 58.94,
          },
          "E6": Object {
            "depth": 10.54,
            "diameter": 10,
            "shape": "circular",
            "totalLiquidVolume": 3000,
            "x": 60,
            "y": 20,
            "z": 58.94,
          },
          "E7": Object {
            "depth": 10.54,
            "diameter": 10,
            "shape": "circular",
            "totalLiquidVolume": 3000,
            "x": 70,
            "y": 20,
            "z": 58.94,
          },
          "E8": Object {
            "depth": 10.54,
            "diameter": 10,
            "shape": "circular",
            "totalLiquidVolume": 3000,
            "x": 80,
            "y": 20,
            "z": 58.94,
          },
          "E9": Object {
            "depth": 10.54,
            "diameter": 10,
            "shape": "circular",
            "totalLiquidVolume": 3000,
            "x": 90,
            "y": 20,
            "z": 58.94,
          },
          "G1": Object {
            "depth": 10.54,
            "diameter": 10,
            "shape": "circular",
            "totalLiquidVolume": 3000,
            "x": 10,
            "y": 15,
            "z": 58.94,
          },
          "G10": Object {
            "depth": 10.54,
            "diameter": 10,
            "shape": "circular",
            "totalLiquidVolume": 3000,
            "x": 100,
            "y": 15,
            "z": 58.94,
          },
          "G2": Object {
            "depth": 10.54,
            "diameter": 10,
            "shape": "circular",
            "totalLiquidVolume": 3000,
            "x": 20,
            "y": 15,
            "z": 58.94,
          },
          "G3": Object {
            "depth": 10.54,
            "diameter": 10,
            "shape": "circular",
            "totalLiquidVolume": 3000,
            "x": 30,
            "y": 15,
            "z": 58.94,
          },
          "G4": Object {
            "depth": 10.54,
            "diameter": 10,
            "shape": "circular",
            "totalLiquidVolume": 3000,
            "x": 40,
            "y": 15,
            "z": 58.94,
          },
          "G5": Object {
            "depth": 10.54,
            "diameter": 10,
            "shape": "circular",
            "totalLiquidVolume": 3000,
            "x": 50,
            "y": 15,
            "z": 58.94,
          },
          "G6": Object {
            "depth": 10.54,
            "diameter": 10,
            "shape": "circular",
            "totalLiquidVolume": 3000,
            "x": 60,
            "y": 15,
            "z": 58.94,
          },
          "G7": Object {
            "depth": 10.54,
            "diameter": 10,
            "shape": "circular",
            "totalLiquidVolume": 3000,
            "x": 70,
            "y": 15,
            "z": 58.94,
          },
          "G8": Object {
            "depth": 10.54,
            "diameter": 10,
            "shape": "circular",
            "totalLiquidVolume": 3000,
            "x": 80,
            "y": 15,
            "z": 58.94,
          },
          "G9": Object {
            "depth": 10.54,
            "diameter": 10,
            "shape": "circular",
            "totalLiquidVolume": 3000,
            "x": 90,
            "y": 15,
            "z": 58.94,
          },
          "I1": Object {
            "depth": 10.54,
            "diameter": 10,
            "shape": "circular",
            "totalLiquidVolume": 3000,
            "x": 10,
            "y": 10,
            "z": 58.94,
          },
          "I10": Object {
            "depth": 10.54,
            "diameter": 10,
            "shape": "circular",
            "totalLiquidVolume": 3000,
            "x": 100,
            "y": 10,
            "z": 58.94,
          },
          "I2": Object {
            "depth": 10.54,
            "diameter": 10,
            "shape": "circular",
            "totalLiquidVolume": 3000,
            "x": 20,
            "y": 10,
            "z": 58.94,
          },
          "I3": Object {
            "depth": 10.54,
            "diameter": 10,
            "shape": "circular",
            "totalLiquidVolume": 3000,
            "x": 30,
            "y": 10,
            "z": 58.94,
          },
          "I4": Object {
            "depth": 10.54,
            "diameter": 10,
            "shape": "circular",
            "totalLiquidVolume": 3000,
            "x": 40,
            "y": 10,
            "z": 58.94,
          },
          "I5": Object {
            "depth": 10.54,
            "diameter": 10,
            "shape": "circular",
            "totalLiquidVolume": 3000,
            "x": 50,
            "y": 10,
            "z": 58.94,
          },
          "I6": Object {
            "depth": 10.54,
            "diameter": 10,
            "shape": "circular",
            "totalLiquidVolume": 3000,
            "x": 60,
            "y": 10,
            "z": 58.94,
          },
          "I7": Object {
            "depth": 10.54,
            "diameter": 10,
            "shape": "circular",
            "totalLiquidVolume": 3000,
            "x": 70,
            "y": 10,
            "z": 58.94,
          },
          "I8": Object {
            "depth": 10.54,
            "diameter": 10,
            "shape": "circular",
            "totalLiquidVolume": 3000,
            "x": 80,
            "y": 10,
            "z": 58.94,
          },
          "I9": Object {
            "depth": 10.54,
            "diameter": 10,
            "shape": "circular",
            "totalLiquidVolume": 3000,
            "x": 90,
            "y": 10,
            "z": 58.94,
          },
        },
      }
    }
    key="mock-id"
  />
  <LabwareCard
    definition={
      Object {
        "brand": Object {
          "brand": "opentrons",
          "brandId": Array [
            "t40u9sernisofsea",
          ],
        },
        "cornerOffsetFromSlot": Object {
          "x": 0,
          "y": 0,
          "z": 0,
        },
        "deprecated": false,
        "dimensions": Object {
          "xDimension": 127.76,
          "yDimension": 85.48,
          "zDimension": 50,
        },
        "metadata": Object {
          "displayCategory": "wellPlate",
          "displayName": "fake labware",
          "displayVolumeUnits": "µL",
        },
        "ordering": Array [
          Array [
            "A1",
          ],
          Array [
            "A2",
          ],
        ],
        "otId": "mock-id",
        "parameters": Object {
          "format": "96Standard",
          "isMagneticModuleCompatible": false,
          "isTiprack": false,
          "loadName": "opentrons_2_wellplate_100_ul",
        },
        "wells": Object {
          "A1": Object {
            "depth": 40,
            "diameter": 30,
            "shape": "circular",
            "totalLiquidVolume": 100,
            "x": 10,
            "y": 10,
            "z": 15,
          },
          "A2": Object {
            "depth": 40,
            "diameter": 30,
            "shape": "circular",
            "totalLiquidVolume": 100,
            "x": 20,
            "y": 10,
            "z": 15,
          },
        },
      }
    }
    key="mock-id"
  />
  <LabwareCard
    definition={
      Object {
        "brand": Object {
          "brand": "generic",
        },
        "cornerOffsetFromSlot": Object {
          "x": 77.76,
          "y": 35.48,
          "z": 0,
        },
        "deprecated": false,
        "dimensions": Object {
          "xDimension": 50,
          "yDimension": 50,
          "zDimension": 50,
        },
        "metadata": Object {
          "displayCategory": "wellPlate",
          "displayName": "fake labware 2",
          "displayVolumeUnits": "mL",
        },
        "ordering": Array [
          Array [
            "A1",
            "B1",
            "C1",
          ],
          Array [
            "A2",
            "B2",
            "C2",
          ],
        ],
        "otId": "mock-id",
        "parameters": Object {
          "format": "irregular",
          "isMagneticModuleCompatible": false,
          "isTiprack": false,
          "loadName": "generic_6_wellplate_1_ml",
        },
        "wells": Object {
          "A1": Object {
            "depth": 40,
            "diameter": 30,
            "shape": "circular",
            "totalLiquidVolume": 1000,
            "x": 10,
            "y": 28,
            "z": 10,
          },
          "A2": Object {
            "depth": 40,
            "diameter": 30,
            "shape": "circular",
            "totalLiquidVolume": 1000,
            "x": 19,
            "y": 28,
            "z": 10,
          },
          "B1": Object {
            "depth": 40,
            "diameter": 30,
            "shape": "circular",
            "totalLiquidVolume": 1000,
            "x": 10,
            "y": 19,
            "z": 10,
          },
          "B2": Object {
            "depth": 40,
            "diameter": 30,
            "shape": "circular",
            "totalLiquidVolume": 1000,
            "x": 19,
            "y": 19,
            "z": 10,
          },
          "C1": Object {
            "depth": 40,
            "diameter": 30,
            "shape": "circular",
            "totalLiquidVolume": 1000,
            "x": 10,
            "y": 10,
            "z": 10,
          },
          "C2": Object {
            "depth": 40,
            "diameter": 30,
            "shape": "circular",
            "totalLiquidVolume": 1000,
            "x": 19,
            "y": 10,
            "z": 10,
          },
        },
      }
    }
    key="mock-id"
  />
</ul>
`;
