// Jest Snapshot v1, https://goo.gl/fbAQLP

exports[`FilterCategory component renders 1`] = `
<ul
  className="filter_category"
>
  <li
    className="filter_category_item"
    key="all"
  >
    <Link
      className="filter_category_link selected"
      to="/?"
    >
      All
    </Link>
  </li>
  <li
    className="filter_category_item"
    key="tubeRack"
  >
    <Link
      className="filter_category_link"
      to="/?category=tubeRack"
    >
      Tube Rack
    </Link>
  </li>
  <li
    className="filter_category_item"
    key="wellPlate"
  >
    <Link
      className="filter_category_link"
      to="/?category=wellPlate"
    >
      Well Plate
    </Link>
  </li>
</ul>
`;
