// Jest Snapshot v1, https://goo.gl/fbAQLP

exports[`Sidebar component renders 1`] = `
<nav
  className="sidebar"
>
  <LabwareGuide />
  <withRouter(FilterManufacturer)
    filters={
      Object {
        "category": "all",
        "manufacturer": "all",
      }
    }
  />
  <FilterCategory
    filters={
      Object {
        "category": "all",
        "manufacturer": "all",
      }
    }
  />
  <FilterReset
    filters={
      Object {
        "category": "all",
        "manufacturer": "all",
      }
    }
  />
</nav>
`;
