{
  "commands": [],
  "config": {},
  "errors": [
    {
      "analysis_execution_time": null,
      "command_exit_code": 1,
      "command_output": "Traceback (most recent call last):\n  File \"/usr/local/lib/python3.10/runpy.py\", line 187, in _run_module_as_main\n    mod_name, mod_spec, code = _get_module_details(mod_name, _Error)\n  File \"/usr/local/lib/python3.10/runpy.py\", line 110, in _get_module_details\n    __import__(pkg_name)\n  File \"/usr/local/lib/python3.10/site-packages/opentrons/__init__.py\", line 9, in <module>\n    from opentrons.hardware_control import (\n  File \"/usr/local/lib/python3.10/site-packages/opentrons/hardware_control/__init__.py\", line 12, in <module>\n    from .adapters import SynchronousAdapter\n  File \"/usr/local/lib/python3.10/site-packages/opentrons/hardware_control/adapters.py\", line 6, in <module>\n    from .protocols import AsyncioConfigurable\n  File \"/usr/local/lib/python3.10/site-packages/opentrons/hardware_control/protocols/__init__.py\", line 6, in <module>\n    from .module_provider import ModuleProvider\n  File \"/usr/local/lib/python3.10/site-packages/opentrons/hardware_control/protocols/module_provider.py\", line 4, in <module>\n    from ..modules import AbstractModule, ModuleModel\n  File \"/usr/local/lib/python3.10/site-packages/opentrons/hardware_control/modules/__init__.py\", line 6, in <module>\n    from .absorbance_reader import AbsorbanceReader\n  File \"/usr/local/lib/python3.10/site-packages/opentrons/hardware_control/modules/absorbance_reader.py\", line 5, in <module>\n    from opentrons.drivers.absorbance_reader import (\n  File \"/usr/local/lib/python3.10/site-packages/opentrons/drivers/absorbance_reader/__init__.py\", line 2, in <module>\n    from .driver import AbsorbanceReaderDriver\n  File \"/usr/local/lib/python3.10/site-packages/opentrons/drivers/absorbance_reader/driver.py\", line 9, in <module>\n    from .async_byonoy import AsyncByonoy\n  File \"/usr/local/lib/python3.10/site-packages/opentrons/drivers/absorbance_reader/async_byonoy.py\", line 8, in <module>\n    import usb.core as usb_core  # type: ignore[import-untyped]\nModuleNotFoundError: No module named 'usb'\n"
    }
  ],
  "files": [],
  "labware": [],
  "liquids": [],
  "metadata": [],
  "modules": [],
  "pipettes": [],
  "runTimeParameters": []
}
