{
  "commands": [
    {
      "commandType": "home",
      "notes": [],
      "params": {},
      "result": {},
      "status": "succeeded"
    },
    {
      "commandType": "custom",
      "notes": [],
      "params": {
        "legacyCommandText": "variable pipette has value flex_1channel_50",
        "legacyCommandType": "command.COMMENT"
      },
      "result": {},
      "status": "succeeded"
    }
  ],
  "config": {
    "apiVersion": [
      2,
      18
    ],
    "protocolType": "python"
  },
  "errors": [],
  "files": [
    {
      "name": "cpx_4_tuberack_100ul.json",
      "role": "labware"
    },
    {
      "name": "opentrons_ot3_96_tiprack_1000ul_rss.json",
      "role": "labware"
    },
    {
      "name": "opentrons_ot3_96_tiprack_200ul_rss.json",
      "role": "labware"
    },
    {
      "name": "opentrons_ot3_96_tiprack_50ul_rss.json",
      "role": "labware"
    },
    {
      "name": "sample_labware.json",
      "role": "labware"
    },
    {
      "name": "v2_18_None_None_duplicateChoiceValue.py",
      "role": "main"
    }
  ],
  "labware": [],
  "liquids": [],
  "metadata": {
    "protocolName": "Duplicate choice value"
  },
  "modules": [],
  "pipettes": [],
  "robotType": "OT-2 Standard",
  "runTimeParameters": [
    {
      "choices": [
        {
          "displayName": "Single channel 50µL",
          "value": "flex_1channel_50"
        },
        {
          "displayName": "Eight Channel 50µL",
          "value": "flex_8channel_50"
        },
        {
          "displayName": "Single channel 50µL again",
          "value": "flex_1channel_50"
        }
      ],
      "default": "flex_1channel_50",
      "description": "What pipette to use during the protocol.",
      "displayName": "Pipette Name",
      "type": "str",
      "value": "flex_1channel_50",
      "variableName": "pipette"
    }
  ]
}
