{
  "commands": [
    {
      "commandType": "home",
      "notes": [],
      "params": {},
      "result": {},
      "status": "succeeded"
    }
  ],
  "config": {
    "apiVersion": [
      2,
      18
    ],
    "protocolType": "python"
  },
  "errors": [
    {
      "detail": "TypeError [line 113]: object of type 'int' has no len()",
      "errorCode": "4000",
      "errorInfo": {},
      "errorType": "ExceptionInProtocolError",
      "wrappedErrors": [
        {
          "detail": "TypeError: object of type 'int' has no len()",
          "errorCode": "4000",
          "errorInfo": {
            "args": "(\"object of type 'int' has no len()\",)",
            "class": "TypeError",
            "traceback": "  File \"/usr/local/lib/python3.10/site-packages/opentrons/protocols/execution/execute_python.py\", line 80, in _parse_and_set_parameters\n    exec(\"add_parameters(__param_context)\", new_globs)\n\n  File \"<string>\", line 1, in <module>\n\n  File \"v2_18_NO_PIPETTES_Overrides_BadTypesInRTP_Override_wrong_type_in_unit.py\", line 113, in add_parameters\n\n  File \"/usr/local/lib/python3.10/site-packages/opentrons/protocol_api/_parameter_context.py\", line 55, in add_int\n    parameter = parameter_definition.create_int_parameter(\n\n  File \"/usr/local/lib/python3.10/site-packages/opentrons/protocols/parameters/parameter_definition.py\", line 178, in create_int_parameter\n    return ParameterDefinition(\n\n  File \"/usr/local/lib/python3.10/site-packages/opentrons/protocols/parameters/parameter_definition.py\", line 59, in __init__\n    self._unit = validation.ensure_unit_string_length(unit)\n\n  File \"/usr/local/lib/python3.10/site-packages/opentrons/protocols/parameters/validation.py\", line 50, in ensure_unit_string_length\n    if unit is not None and len(unit) > UNIT_MAX_LEN:\n"
          },
          "errorType": "PythonException",
          "wrappedErrors": []
        }
      ]
    }
  ],
  "files": [
    {
      "name": "cpx_4_tuberack_100ul.json",
      "role": "labware"
    },
    {
      "name": "opentrons_ot3_96_tiprack_1000ul_rss.json",
      "role": "labware"
    },
    {
      "name": "opentrons_ot3_96_tiprack_200ul_rss.json",
      "role": "labware"
    },
    {
      "name": "opentrons_ot3_96_tiprack_50ul_rss.json",
      "role": "labware"
    },
    {
      "name": "sample_labware.json",
      "role": "labware"
    },
    {
      "name": "v2_18_NO_PIPETTES_Overrides_BadTypesInRTP_Override_wrong_type_in_unit.py",
      "role": "main"
    }
  ],
  "labware": [],
  "liquids": [],
  "metadata": {
    "protocolName": "Description Too Long 2.18"
  },
  "modules": [],
  "pipettes": [],
  "robotType": "OT-3 Standard",
  "runTimeParameters": []
}
