// Jest Snapshot v1, https://goo.gl/fbAQLP

exports[`MainNav component renders 1`] = `
<div
  className="main_nav_contents"
>
  <Logo />
  <NavList />
  <MenuButton />
</div>
`;
