// Jest Snapshot v1, https://goo.gl/fbAQLP

exports[`NavList component renders 1`] = `
<ClickOutside
  onClickOutside={[Function]}
>
  <Component />
</ClickOutside>
`;
