{
  "commandAnnotations": [],
  "commands": [
    {
      "commandType": "home",
      "completedAt": "TIMESTAMP",
      "createdAt": "TIMESTAMP",
      "id": "UUID",
      "key": "50c7ae73a4e3f7129874f39dfb514803",
      "notes": [],
      "params": {},
      "result": {},
      "startedAt": "TIMESTAMP",
      "status": "succeeded"
    },
    {
      "commandType": "loadLabware",
      "completedAt": "TIMESTAMP",
      "createdAt": "TIMESTAMP",
      "id": "UUID",
      "key": "73d9d4d55ae8466f3a793ceb70545fa5",
      "notes": [],
      "params": {
        "loadName": "opentrons_flex_deck_riser",
        "location": {
          "addressableAreaName": "A4"
        },
        "namespace": "opentrons",
        "version": 1
      },
      "result": {
        "definition": {
          "allowedRoles": [
            "adapter"
          ],
          "brand": {
            "brand": "Opentrons",
            "brandId": []
          },
          "cornerOffsetFromSlot": {
            "x": -6.125,
            "y": -6.125,
            "z": 0
          },
          "dimensions": {
            "xDimension": 140,
            "yDimension": 98,
            "zDimension": 55
          },
          "gripperOffsets": {},
          "groups": [
            {
              "metadata": {},
              "wells": []
            }
          ],
          "metadata": {
            "displayCategory": "adapter",
            "displayName": "Opentrons Flex Deck Riser",
            "displayVolumeUnits": "ÂµL",
            "tags": []
          },
          "namespace": "opentrons",
          "ordering": [],
          "parameters": {
            "format": "96Standard",
            "isMagneticModuleCompatible": false,
            "isTiprack": false,
            "loadName": "opentrons_flex_deck_riser",
            "quirks": []
          },
          "schemaVersion": 2,
          "stackingOffsetWithLabware": {},
          "stackingOffsetWithModule": {},
          "version": 1,
          "wells": {}
        },
        "labwareId": "UUID"
      },
      "startedAt": "TIMESTAMP",
      "status": "succeeded"
    },
    {
      "commandType": "loadModule",
      "completedAt": "TIMESTAMP",
      "createdAt": "TIMESTAMP",
      "id": "UUID",
      "key": "a3a7eed460d8d94a91747f23820a180d",
      "notes": [],
      "params": {
        "location": {
          "slotName": "B1"
        },
        "model": "thermocyclerModuleV2"
      },
      "result": {
        "definition": {
          "calibrationPoint": {
            "x": 14.4,
            "y": 64.93,
            "z": 97.8
          },
          "compatibleWith": [],
          "dimensions": {
            "bareOverallHeight": 108.96,
            "lidHeight": 61.7,
            "overLabwareHeight": 0.0
          },
          "displayName": "Thermocycler Module GEN2",
          "gripperOffsets": {
            "default": {
              "dropOffset": {
                "x": 0.0,
                "y": 0.0,
                "z": 5.6
              },
              "pickUpOffset": {
                "x": 0.0,
                "y": 0.0,
                "z": 4.6
              }
            }
          },
          "labwareOffset": {
            "x": 0.0,
            "y": 68.8,
            "z": 108.96
          },
          "model": "thermocyclerModuleV2",
          "moduleType": "thermocyclerModuleType",
          "otSharedSchema": "module/schemas/2",
          "quirks": [],
          "slotTransforms": {
            "ot3_standard": {
              "B1": {
                "cornerOffsetFromSlot": [
                  [
                    -98,
                    0,
                    0,
                    1
                  ],
                  [
                    -20.005,
                    0,
                    0,
                    1
                  ],
                  [
                    -0.84,
                    0,
                    0,
                    1
                  ],
                  [
                    0,
                    0,
                    0,
                    1
                  ]
                ],
                "labwareOffset": [
                  [
                    -98,
                    0,
                    0,
                    1
                  ],
                  [
                    -20.005,
                    0,
                    0,
                    1
                  ],
                  [
                    -0.84,
                    0,
                    0,
                    1
                  ],
                  [
                    0,
                    0,
                    0,
                    1
                  ]
                ]
              }
            }
          }
        },
        "model": "thermocyclerModuleV2",
        "moduleId": "UUID",
        "serialNumber": "UUID"
      },
      "startedAt": "TIMESTAMP",
      "status": "succeeded"
    },
    {
      "commandType": "loadModule",
      "completedAt": "TIMESTAMP",
      "createdAt": "TIMESTAMP",
      "id": "UUID",
      "key": "d023a31e37dd4dd97dbd40857a7508ed",
      "notes": [],
      "params": {
        "location": {
          "slotName": "A3"
        },
        "model": "magneticBlockV1"
      },
      "result": {
        "definition": {
          "calibrationPoint": {
            "x": 0.0,
            "y": 0.0,
            "z": 0.0
          },
          "compatibleWith": [],
          "dimensions": {
            "bareOverallHeight": 45.0,
            "overLabwareHeight": 0.0
          },
          "displayName": "Magnetic Block GEN1",
          "gripperOffsets": {
            "default": {
              "dropOffset": {
                "x": 0.0,
                "y": 0.0,
                "z": 1.0
              },
              "pickUpOffset": {
                "x": 0.0,
                "y": 0.0,
                "z": 0.0
              }
            }
          },
          "labwareOffset": {
            "x": 0.0,
            "y": 0.0,
            "z": 38.0
          },
          "model": "magneticBlockV1",
          "moduleType": "magneticBlockType",
          "otSharedSchema": "module/schemas/2",
          "quirks": [],
          "slotTransforms": {
            "ot2_short_trash": {},
            "ot2_standard": {},
            "ot3_standard": {}
          }
        },
        "model": "magneticBlockV1",
        "moduleId": "UUID"
      },
      "startedAt": "TIMESTAMP",
      "status": "succeeded"
    },
    {
      "commandType": "loadModule",
      "completedAt": "TIMESTAMP",
      "createdAt": "TIMESTAMP",
      "id": "UUID",
      "key": "82d736bcccf3c45130f7959c3031b04c",
      "notes": [],
      "params": {
        "location": {
          "slotName": "C1"
        },
        "model": "heaterShakerModuleV1"
      },
      "result": {
        "definition": {
          "calibrationPoint": {
            "x": 12.0,
            "y": 8.75,
            "z": 68.275
          },
          "compatibleWith": [],
          "dimensions": {
            "bareOverallHeight": 82.0,
            "overLabwareHeight": 0.0
          },
          "displayName": "Heater-Shaker Module GEN1",
          "gripperOffsets": {
            "default": {
              "dropOffset": {
                "x": 0.0,
                "y": 0.0,
                "z": 1.0
              },
              "pickUpOffset": {
                "x": 0.0,
                "y": 0.0,
                "z": 0.0
              }
            }
          },
          "labwareOffset": {
            "x": -0.125,
            "y": 1.125,
            "z": 68.275
          },
          "model": "heaterShakerModuleV1",
          "moduleType": "heaterShakerModuleType",
          "otSharedSchema": "module/schemas/2",
          "quirks": [],
          "slotTransforms": {
            "ot2_short_trash": {
              "3": {
                "labwareOffset": [
                  [
                    -1,
                    0,
                    0,
                    0
                  ],
                  [
                    -1,
                    0,
                    0,
                    0
                  ],
                  [
                    0,
                    0,
                    0,
                    1
                  ],
                  [
                    0,
                    0,
                    0,
                    1
                  ]
                ]
              },
              "6": {
                "labwareOffset": [
                  [
                    -1,
                    0,
                    0,
                    0
                  ],
                  [
                    -1,
                    0,
                    0,
                    0
                  ],
                  [
                    0,
                    0,
                    0,
                    1
                  ],
                  [
                    0,
                    0,
                    0,
                    1
                  ]
                ]
              },
              "9": {
                "labwareOffset": [
                  [
                    -1,
                    0,
                    0,
                    0
                  ],
                  [
                    -1,
                    0,
                    0,
                    0
                  ],
                  [
                    0,
                    0,
                    0,
                    1
                  ],
                  [
                    0,
                    0,
                    0,
                    1
                  ]
                ]
              }
            },
            "ot2_standard": {
              "3": {
                "labwareOffset": [
                  [
                    -1,
                    0,
                    0,
                    0
                  ],
                  [
                    -1,
                    0,
                    0,
                    0
                  ],
                  [
                    0,
                    0,
                    0,
                    1
                  ],
                  [
                    0,
                    0,
                    0,
                    1
                  ]
                ]
              },
              "6": {
                "labwareOffset": [
                  [
                    -1,
                    0,
                    0,
                    0
                  ],
                  [
                    -1,
                    0,
                    0,
                    0
                  ],
                  [
                    0,
                    0,
                    0,
                    1
                  ],
                  [
                    0,
                    0,
                    0,
                    1
                  ]
                ]
              },
              "9": {
                "labwareOffset": [
                  [
                    -1,
                    0,
                    0,
                    0
                  ],
                  [
                    -1,
                    0,
                    0,
                    0
                  ],
                  [
                    0,
                    0,
                    0,
                    1
                  ],
                  [
                    0,
                    0,
                    0,
                    1
                  ]
                ]
              }
            },
            "ot3_standard": {
              "A1": {
                "labwareOffset": [
                  [
                    -49.325,
                    0,
                    0,
                    1
                  ],
                  [
                    -1.125,
                    0,
                    0,
                    1
                  ],
                  [
                    0,
                    0,
                    0,
                    1
                  ],
                  [
                    0,
                    0,
                    0.125,
                    1
                  ]
                ]
              },
              "A3": {
                "labwareOffset": [
                  [
                    -49.325,
                    0,
                    0,
                    1
                  ],
                  [
                    -1.125,
                    0,
                    0,
                    1
                  ],
                  [
                    0,
                    0,
                    0,
                    1
                  ],
                  [
                    0,
                    0,
                    0.125,
                    1
                  ]
                ]
              },
              "B1": {
                "labwareOffset": [
                  [
                    -49.325,
                    0,
                    0,
                    1
                  ],
                  [
                    -1.125,
                    0,
                    0,
                    1
                  ],
                  [
                    0,
                    0,
                    0,
                    1
                  ],
                  [
                    0,
                    0,
                    0.125,
                    1
                  ]
                ]
              },
              "B3": {
                "labwareOffset": [
                  [
                    -49.325,
                    0,
                    0,
                    1
                  ],
                  [
                    -1.125,
                    0,
                    0,
                    1
                  ],
                  [
                    0,
                    0,
                    0,
                    1
                  ],
                  [
                    0,
                    0,
                    0.125,
                    1
                  ]
                ]
              },
              "C1": {
                "labwareOffset": [
                  [
                    -49.325,
                    0,
                    0,
                    1
                  ],
                  [
                    -1.125,
                    0,
                    0,
                    1
                  ],
                  [
                    0,
                    0,
                    0,
                    1
                  ],
                  [
                    0,
                    0,
                    0.125,
                    1
                  ]
                ]
              },
              "C3": {
                "labwareOffset": [
                  [
                    -49.325,
                    0,
                    0,
                    1
                  ],
                  [
                    -1.125,
                    0,
                    0,
                    1
                  ],
                  [
                    0,
                    0,
                    0,
                    1
                  ],
                  [
                    0,
                    0,
                    0.125,
                    1
                  ]
                ]
              },
              "D1": {
                "labwareOffset": [
                  [
                    -49.325,
                    0,
                    0,
                    1
                  ],
                  [
                    -1.125,
                    0,
                    0,
                    1
                  ],
                  [
                    0,
                    0,
                    0,
                    1
                  ],
                  [
                    0,
                    0,
                    0.125,
                    1
                  ]
                ]
              },
              "D3": {
                "labwareOffset": [
                  [
                    -49.325,
                    0,
                    0,
                    1
                  ],
                  [
                    -1.125,
                    0,
                    0,
                    1
                  ],
                  [
                    0,
                    0,
                    0,
                    1
                  ],
                  [
                    0,
                    0,
                    0.125,
                    1
                  ]
                ]
              }
            }
          }
        },
        "model": "heaterShakerModuleV1",
        "moduleId": "UUID",
        "serialNumber": "UUID"
      },
      "startedAt": "TIMESTAMP",
      "status": "succeeded"
    },
    {
      "commandType": "loadModule",
      "completedAt": "TIMESTAMP",
      "createdAt": "TIMESTAMP",
      "id": "UUID",
      "key": "1cef18851df21f75ea1c1d79e34dfdaf",
      "notes": [],
      "params": {
        "location": {
          "slotName": "D1"
        },
        "model": "temperatureModuleV2"
      },
      "result": {
        "definition": {
          "calibrationPoint": {
            "x": 11.7,
            "y": 8.75,
            "z": 80.09
          },
          "compatibleWith": [
            "temperatureModuleV1"
          ],
          "dimensions": {
            "bareOverallHeight": 84.0,
            "overLabwareHeight": 0.0
          },
          "displayName": "Temperature Module GEN2",
          "gripperOffsets": {
            "default": {
              "dropOffset": {
                "x": 0.0,
                "y": 0.0,
                "z": 1.0
              },
              "pickUpOffset": {
                "x": 0.0,
                "y": 0.0,
                "z": 0.0
              }
            }
          },
          "labwareOffset": {
            "x": -1.45,
            "y": -0.15,
            "z": 80.09
          },
          "model": "temperatureModuleV2",
          "moduleType": "temperatureModuleType",
          "otSharedSchema": "module/schemas/2",
          "quirks": [],
          "slotTransforms": {
            "ot2_short_trash": {
              "3": {
                "labwareOffset": [
                  [
                    -1,
                    -0.15,
                    0,
                    0
                  ],
                  [
                    0,
                    0,
                    0,
                    1
                  ],
                  [
                    0,
                    0,
                    0,
                    1
                  ],
                  [
                    0,
                    0,
                    0,
                    1
                  ]
                ]
              },
              "6": {
                "labwareOffset": [
                  [
                    -1,
                    -0.15,
                    0,
                    0
                  ],
                  [
                    0,
                    0,
                    0,
                    1
                  ],
                  [
                    0,
                    0,
                    0,
                    1
                  ],
                  [
                    0,
                    0,
                    0,
                    1
                  ]
                ]
              },
              "9": {
                "labwareOffset": [
                  [
                    -1,
                    -0.15,
                    0,
                    0
                  ],
                  [
                    0,
                    0,
                    0,
                    1
                  ],
                  [
                    0,
                    0,
                    0,
                    1
                  ],
                  [
                    0,
                    0,
                    0,
                    1
                  ]
                ]
              }
            },
            "ot2_standard": {
              "3": {
                "labwareOffset": [
                  [
                    -1,
                    -0.3,
                    0,
                    0
                  ],
                  [
                    0,
                    0,
                    0,
                    1
                  ],
                  [
                    0,
                    0,
                    0,
                    1
                  ],
                  [
                    0,
                    0,
                    0,
                    1
                  ]
                ]
              },
              "6": {
                "labwareOffset": [
                  [
                    -1,
                    -0.3,
                    0,
                    0
                  ],
                  [
                    0,
                    0,
                    0,
                    1
                  ],
                  [
                    0,
                    0,
                    0,
                    1
                  ],
                  [
                    0,
                    0,
                    0,
                    1
                  ]
                ]
              },
              "9": {
                "labwareOffset": [
                  [
                    -1,
                    -0.3,
                    0,
                    0
                  ],
                  [
                    0,
                    0,
                    0,
                    1
                  ],
                  [
                    0,
                    0,
                    0,
                    1
                  ],
                  [
                    0,
                    0,
                    0,
                    1
                  ]
                ]
              }
            },
            "ot3_standard": {
              "A1": {
                "labwareOffset": [
                  [
                    -71.09,
                    0,
                    0,
                    1
                  ],
                  [
                    0,
                    0,
                    0,
                    1
                  ],
                  [
                    0,
                    0,
                    0.15,
                    1
                  ],
                  [
                    0,
                    0,
                    1,
                    1.45
                  ]
                ]
              },
              "A3": {
                "labwareOffset": [
                  [
                    -71.09,
                    0,
                    0,
                    1
                  ],
                  [
                    0,
                    0,
                    0,
                    1
                  ],
                  [
                    0,
                    0,
                    0.15,
                    1
                  ],
                  [
                    0,
                    0,
                    1,
                    1.45
                  ]
                ]
              },
              "B1": {
                "labwareOffset": [
                  [
                    -71.09,
                    0,
                    0,
                    1
                  ],
                  [
                    0,
                    0,
                    0,
                    1
                  ],
                  [
                    0,
                    0,
                    0.15,
                    1
                  ],
                  [
                    0,
                    0,
                    1,
                    1.45
                  ]
                ]
              },
              "B3": {
                "labwareOffset": [
                  [
                    -71.09,
                    0,
                    0,
                    1
                  ],
                  [
                    0,
                    0,
                    0,
                    1
                  ],
                  [
                    0,
                    0,
                    0.15,
                    1
                  ],
                  [
                    0,
                    0,
                    1,
                    1.45
                  ]
                ]
              },
              "C1": {
                "labwareOffset": [
                  [
                    -71.09,
                    0,
                    0,
                    1
                  ],
                  [
                    0,
                    0,
                    0,
                    1
                  ],
                  [
                    0,
                    0,
                    0.15,
                    1
                  ],
                  [
                    0,
                    0,
                    1,
                    1.45
                  ]
                ]
              },
              "C3": {
                "labwareOffset": [
                  [
                    -71.09,
                    0,
                    0,
                    1
                  ],
                  [
                    0,
                    0,
                    0,
                    1
                  ],
                  [
                    0,
                    0,
                    0.15,
                    1
                  ],
                  [
                    0,
                    0,
                    1,
                    1.45
                  ]
                ]
              },
              "D1": {
                "labwareOffset": [
                  [
                    -71.09,
                    0,
                    0,
                    1
                  ],
                  [
                    0,
                    0,
                    0,
                    1
                  ],
                  [
                    0,
                    0,
                    0.15,
                    1
                  ],
                  [
                    0,
                    0,
                    1,
                    1.45
                  ]
                ]
              },
              "D3": {
                "labwareOffset": [
                  [
                    -71.09,
                    0,
                    0,
                    1
                  ],
                  [
                    0,
                    0,
                    0,
                    1
                  ],
                  [
                    0,
                    0,
                    0.15,
                    1
                  ],
                  [
                    0,
                    0,
                    1,
                    1.45
                  ]
                ]
              }
            }
          }
        },
        "model": "temperatureModuleV2",
        "moduleId": "UUID",
        "serialNumber": "UUID"
      },
      "startedAt": "TIMESTAMP",
      "status": "succeeded"
    },
    {
      "commandType": "loadModule",
      "completedAt": "TIMESTAMP",
      "createdAt": "TIMESTAMP",
      "id": "UUID",
      "key": "0f830ddf4178d19d8afc9d9b7fbfb9e8",
      "notes": [],
      "params": {
        "location": {
          "slotName": "B3"
        },
        "model": "absorbanceReaderV1"
      },
      "result": {
        "definition": {
          "calibrationPoint": {
            "x": 14.4,
            "y": 64.93,
            "z": 97.8
          },
          "compatibleWith": [],
          "dimensions": {
            "bareOverallHeight": 18.5,
            "lidHeight": 60.0,
            "overLabwareHeight": 0.0
          },
          "displayName": "Absorbance Plate Reader Module GEN1",
          "gripperOffsets": {},
          "labwareOffset": {
            "x": 0.0,
            "y": 0.0,
            "z": 0.65
          },
          "model": "absorbanceReaderV1",
          "moduleType": "absorbanceReaderType",
          "otSharedSchema": "module/schemas/2",
          "quirks": [],
          "slotTransforms": {
            "ot2_short_trash": {},
            "ot2_standard": {},
            "ot3_standard": {}
          }
        },
        "model": "absorbanceReaderV1",
        "moduleId": "UUID",
        "serialNumber": "UUID"
      },
      "startedAt": "TIMESTAMP",
      "status": "succeeded"
    },
    {
      "commandType": "loadLabware",
      "completedAt": "TIMESTAMP",
      "createdAt": "TIMESTAMP",
      "error": {
        "createdAt": "TIMESTAMP",
        "detail": "ValueError: Labware Lid opentrons_tough_pcr_auto_sealing_lid may not be loaded on parent labware Opentrons Flex Deck Riser.",
        "errorCode": "4000",
        "errorInfo": {
          "args": "('Labware Lid opentrons_tough_pcr_auto_sealing_lid may not be loaded on parent labware Opentrons Flex Deck Riser.',)",
          "class": "ValueError",
          "traceback": "  File \"/usr/local/lib/python3.10/site-packages/opentrons/protocol_engine/execution/command_executor.py\", line N, in execute\n    result = await command_impl.execute(\n\n  File \"/usr/local/lib/python3.10/site-packages/opentrons/protocol_engine/commands/load_labware.py\", line N, in execute\n    raise ValueError(\n"
        },
        "errorType": "PythonException",
        "id": "UUID",
        "isDefined": false,
        "wrappedErrors": []
      },
      "id": "UUID",
      "key": "4c98abe700f8e8b07fba59c9e44932aa",
      "notes": [
        {
          "longMessage": "Handling this command failure with FAIL_RUN.",
          "noteKind": "debugErrorRecovery",
          "shortMessage": "Handling this command failure with FAIL_RUN.",
          "source": "execution"
        }
      ],
      "params": {
        "loadName": "opentrons_tough_pcr_auto_sealing_lid",
        "location": {
          "labwareId": "UUID"
        },
        "namespace": "opentrons",
        "version": 1
      },
      "startedAt": "TIMESTAMP",
      "status": "failed"
    }
  ],
  "config": {
    "apiVersion": [
      2,
      21
    ],
    "protocolType": "python"
  },
  "createdAt": "TIMESTAMP",
  "errors": [
    {
      "createdAt": "TIMESTAMP",
      "detail": "ProtocolCommandFailedError [line 209]: Error 4000 GENERAL_ERROR (ProtocolCommandFailedError): PythonException: ValueError: Labware Lid opentrons_tough_pcr_auto_sealing_lid may not be loaded on parent labware Opentrons Flex Deck Riser.",
      "errorCode": "4000",
      "errorInfo": {},
      "errorType": "ExceptionInProtocolError",
      "id": "UUID",
      "isDefined": false,
      "wrappedErrors": [
        {
          "createdAt": "TIMESTAMP",
          "detail": "PythonException: ValueError: Labware Lid opentrons_tough_pcr_auto_sealing_lid may not be loaded on parent labware Opentrons Flex Deck Riser.",
          "errorCode": "4000",
          "errorInfo": {},
          "errorType": "ProtocolCommandFailedError",
          "id": "UUID",
          "isDefined": false,
          "wrappedErrors": [
            {
              "createdAt": "TIMESTAMP",
              "detail": "ValueError: Labware Lid opentrons_tough_pcr_auto_sealing_lid may not be loaded on parent labware Opentrons Flex Deck Riser.",
              "errorCode": "4000",
              "errorInfo": {
                "args": "('Labware Lid opentrons_tough_pcr_auto_sealing_lid may not be loaded on parent labware Opentrons Flex Deck Riser.',)",
                "class": "ValueError",
                "traceback": "  File \"/usr/local/lib/python3.10/site-packages/opentrons/protocol_engine/execution/command_executor.py\", line N, in execute\n    result = await command_impl.execute(\n\n  File \"/usr/local/lib/python3.10/site-packages/opentrons/protocol_engine/commands/load_labware.py\", line N, in execute\n    raise ValueError(\n"
              },
              "errorType": "PythonException",
              "id": "UUID",
              "isDefined": false,
              "wrappedErrors": []
            }
          ]
        }
      ]
    }
  ],
  "files": [
    {
      "name": "Flex_S_v2_21_P1000_96_GRIP_HS_MB_TC_TM_Smoke.py",
      "role": "main"
    }
  ],
  "labware": [
    {
      "definitionUri": "opentrons/opentrons_flex_deck_riser/1",
      "id": "UUID",
      "loadName": "opentrons_flex_deck_riser",
      "location": {
        "addressableAreaName": "A4"
      }
    }
  ],
  "liquidClasses": [],
  "liquids": [],
  "metadata": {
    "author": "QA team",
    "protocolName": "Flex Smoke Test - v2.21"
  },
  "modules": [
    {
      "id": "UUID",
      "location": {
        "slotName": "B1"
      },
      "model": "thermocyclerModuleV2",
      "serialNumber": "UUID"
    },
    {
      "id": "UUID",
      "location": {
        "slotName": "A3"
      },
      "model": "magneticBlockV1"
    },
    {
      "id": "UUID",
      "location": {
        "slotName": "C1"
      },
      "model": "heaterShakerModuleV1",
      "serialNumber": "UUID"
    },
    {
      "id": "UUID",
      "location": {
        "slotName": "D1"
      },
      "model": "temperatureModuleV2",
      "serialNumber": "UUID"
    },
    {
      "id": "UUID",
      "location": {
        "slotName": "B3"
      },
      "model": "absorbanceReaderV1",
      "serialNumber": "UUID"
    }
  ],
  "pipettes": [],
  "result": "not-ok",
  "robotType": "OT-3 Standard",
  "runTimeParameters": [
    {
      "choices": [
        {
          "displayName": "Full Smoke Test",
          "value": "full"
        }
      ],
      "default": "full",
      "description": "Configuration of QA test to perform",
      "displayName": "Test Configuration",
      "type": "str",
      "value": "full",
      "variableName": "test_configuration"
    },
    {
      "choices": [
        {
          "displayName": "Nest 1 Well 290 mL",
          "value": "nest_1_reservoir_290ml"
        }
      ],
      "default": "nest_1_reservoir_290ml",
      "description": "Name of the reservoir",
      "displayName": "Reservoir Name",
      "type": "str",
      "value": "nest_1_reservoir_290ml",
      "variableName": "reservoir_name"
    },
    {
      "choices": [
        {
          "displayName": "Opentrons Tough 96 Well 200 ÂµL",
          "value": "opentrons_96_wellplate_200ul_pcr_full_skirt"
        }
      ],
      "default": "opentrons_96_wellplate_200ul_pcr_full_skirt",
      "description": "Name of the well plate",
      "displayName": "Well Plate Name",
      "type": "str",
      "value": "opentrons_96_wellplate_200ul_pcr_full_skirt",
      "variableName": "well_plate_name"
    }
  ]
}
