// Jest Snapshot v1, https://goo.gl/fbAQLP

exports[`Warning component renders 1`] = `
<div
  className="warning"
>
  <Icon
    className="warning_icon"
    name="alert-circle"
  />
  <div>
    AH!!!
  </div>
</div>
`;
