// Jest Snapshot v1, https://goo.gl/fbAQLP

exports[`labwareDefToFields fixture_12_trough 1`] = `
Object {
  "aluminumBlockChildType": null,
  "aluminumBlockType": null,
  "brand": "USA Scientific",
  "brandId": "1061-8150",
  "displayName": null,
  "footprintXDimension": "127.76",
  "footprintYDimension": "85.8",
  "gridColumns": "12",
  "gridOffsetX": "13.94",
  "gridOffsetY": "42.9",
  "gridRows": "1",
  "gridSpacingX": "9.09",
  "gridSpacingY": null,
  "handPlacedTipFit": null,
  "homogeneousWells": "true",
  "labwareType": "reservoir",
  "labwareZDimension": "44.45",
  "loadName": null,
  "pipetteName": null,
  "regularColumnSpacing": "true",
  "regularRowSpacing": "true",
  "tubeRackInsertLoadName": null,
  "wellBottomShape": "v",
  "wellDepth": "42.16",
  "wellDiameter": null,
  "wellShape": "rectangular",
  "wellVolume": "22000",
  "wellXDimension": "8.33",
  "wellYDimension": "71.88",
}
`;
