// Jest Snapshot v1, https://goo.gl/fbAQLP

exports[`Nav component renders 1`] = `
<Fragment>
  <nav
    className="nav"
  >
    <div
      className="subdomain_nav_wrapper"
    >
      <div
        className="nav_container"
      >
        <SubdomainNav />
      </div>
    </div>
    <div
      className="main_nav_wrapper"
    >
      <div
        className="nav_container"
      >
        <MainNav
          isMobileOpen={false}
          onMobileClick={[Function]}
        />
      </div>
    </div>
  </nav>
</Fragment>
`;
